/*******************************************************************************
© Copyright 2003. The U.S. Government, as Represented by the Administrator of
the National Aeronautics and Space Administration (NASA). All rights reserved.
Includes content licensed from the U.S. Government, National Aeronautics and
Space Administration under United States Copyright Registration Numbers
V3503D364 and V3482D344.
© 2008-2015 NPSS® Consortium, www.NPSSConsortium.org/AllRightsReserved
*******************************************************************************/

/*******************************************************************************
NPSS® software and related documentation is export controlled with an Export
Control Classification Number(ECCN) of 9D991, controlled for Anti-Terrorism
reasons, under U.S. Export Administration Regulations 15 CFR 730-774. It may
not be transferred to a country checked under anti-terrorism on the Commerce
Country Chart structure or to foreign nationals of those countries in the U.S.
or abroad without first obtaining a license from the Bureau of Industry and
Security, United States Department of Commerce. Violations are punishable by
fine, imprisonment, or both.
*******************************************************************************/

//  ---------------------------------------------------------------
//  |    High Pressure Turbine Maps
//  ---------------------------------------------------------------
//  |    Declaration of a new Subelement instance called S_map
//  |    that is of the type TurbinePRmap
//  ---------------------------------------------------------------

Subelement TurbinePRmap S_map {

	// Do NOT change these values!  They are specific to these maps.
	PRmapDes   = 4.975; // unscaled map design point pressure ratio
	NpMapDes = 100.0; // unscaled map design point speed
	
	//  ----------------------------------------------------------------------
	//  |    Declare a table (or function) named TB_Wp(real SPED, real PR)
	//  |    To satisfy the TB_Wp socket requirement.
	//  ---------------------------------------------------------------------- 
  
    // HP TURBINE corrected flow vs. PR and % of design corrected speed
    Table TB_Wp (real SPED, real PR) {

        SPED = 20.0 {
          PR = { 2.0, 2.5, 3.0, 3.5, 4.0, 4.5, 4.75, 4.96, 5.25, 5.5, 5.75, 6.0 }
          FLOW = { 16.041, 16.041, 16.041, 16.041, 16.041, 16.041, 16.041, 16.041, 16.041, 16.041, 16.041, 16.041 }
        }
        SPED = 30.0 {
          PR = { 2.0, 2.5, 3.0, 3.5, 4.0, 4.5, 4.75, 4.96, 5.25, 5.5, 5.75, 6.0 }
          FLOW = { 16.041, 16.041, 16.041, 16.041, 16.041, 16.041, 16.041, 16.041, 16.041, 16.041, 16.041, 16.041 }
        }
        SPED = 40.0 {
          PR = { 2.0, 2.5, 3.0, 3.5, 4.0, 4.5, 4.75, 4.96, 5.25, 5.5, 5.75, 6.0 }
          FLOW = { 16.007, 16.041, 16.041, 16.041, 16.041, 16.041, 16.041, 16.041, 16.041, 16.041, 16.041, 16.041 }
        }
        SPED = 50.0 {
          PR = { 2.0, 2.5, 3.0, 3.5, 4.0, 4.5, 4.75, 4.96, 5.25, 5.5, 5.75, 6.0 }
          FLOW = { 15.781, 16.025, 16.025, 16.025, 16.025, 16.025, 16.025, 16.025, 16.025, 16.025, 16.025, 16.025 }
        }
        SPED = 60.0 {
          PR = { 2.0, 2.5, 3.0, 3.5, 4.0, 4.5, 4.75, 4.96, 5.25, 5.5, 5.75, 6.0 }
          FLOW = { 15.523, 15.966, 15.986, 15.986, 15.986, 15.986, 15.986, 15.986, 15.986, 15.986, 15.986, 15.986 }
        }
        SPED = 70.0 {
          PR = { 2.0, 2.5, 3.0, 3.5, 4.0, 4.5, 4.75, 4.96, 5.25, 5.5, 5.75, 6.0 }
          FLOW = { 15.358, 15.87, 15.964, 15.964, 15.964, 15.964, 15.964, 15.964, 15.964, 15.964, 15.964, 15.964 }
        }
        SPED = 80.0 {
          PR = { 2.0, 2.5, 3.0, 3.5, 4.0, 4.5, 4.75, 4.96, 5.25, 5.5, 5.75, 6.0 }
          FLOW = { 15.249, 15.749, 15.894, 15.907, 15.907, 15.907, 15.907, 15.907, 15.907, 15.907, 15.907, 15.907 }
        }
        SPED = 90.0 {
          PR = { 2.0, 2.5, 3.0, 3.5, 4.0, 4.5, 4.75, 4.96, 5.25, 5.5, 5.75, 6.0 }
          FLOW = { 15.226, 15.674, 15.828, 15.862, 15.863, 15.863, 15.863, 15.863, 15.863, 15.863, 15.863, 15.863 }
        }
        SPED = 100.0 {
          PR = { 2.0, 2.5, 3.0, 3.5, 4.0, 4.5, 4.75, 4.96, 5.25, 5.5, 5.75, 6.0 }
          FLOW = { 15.208, 15.581, 15.72, 15.761, 15.765, 15.765, 15.765, 15.765, 15.765, 15.765, 15.765, 15.765 }
        }
        SPED = 110.0 {
          PR = { 2.0, 2.5, 3.0, 3.5, 4.0, 4.5, 4.75, 4.96, 5.25, 5.5, 5.75, 6.0 }
          FLOW = { 15.255, 15.551, 15.662, 15.697, 15.702, 15.702, 15.702, 15.702, 15.702, 15.702, 15.702, 15.702 }
        }
        SPED = 120.0 {
          PR = { 2.0, 2.5, 3.0, 3.5, 4.0, 4.5, 4.75, 4.96, 5.25, 5.5, 5.75, 6.0 }
          FLOW = { 15.317, 15.535, 15.613, 15.636, 15.639, 15.639, 15.639, 15.639, 15.639, 15.639, 15.639, 15.639 }
        }
      
		SPED.interp = "lagrange3" ;
		SPED.extrap = "none" ;

		PR.interp = "lagrange3" ;
		PR.extrap = "linear" ;

		extrapIsError = 0;
		printExtrap = 0;

    }  // end TB_Wp
	
	//  ----------------------------------------------------------------------
	//  |    Declare a table (or function) named TB_eff(real SPED, real PR)
	//  |    To satisfy the TB_eff socket requirement.
	//  ----------------------------------------------------------------------

    // HP TURBINE adiabatic efficiency vs. PR and % of design corrected speed
    Table TB_eff (real SPED, real PR) {

        SPED = 20.0 {
          PR = { 2.0, 2.5, 3.0, 3.5, 4.0, 4.5, 4.75, 4.96, 5.25, 5.5, 5.75, 6.0 }
          EFF = { 0.595, 0.561, 0.537, 0.52, 0.506, 0.496, 0.491, 0.488, 0.484, 0.48, 0.477, 0.474 }
        }
        SPED = 30.0 {
          PR = { 2.0, 2.5, 3.0, 3.5, 4.0, 4.5, 4.75, 4.96, 5.25, 5.5, 5.75, 6.0 }
          EFF = { 0.731, 0.702, 0.681, 0.666, 0.654, 0.644, 0.639, 0.636, 0.632, 0.628, 0.625, 0.622 }
        }
        SPED = 40.0 {
          PR = { 2.0, 2.5, 3.0, 3.5, 4.0, 4.5, 4.75, 4.96, 5.25, 5.5, 5.75, 6.0 }
          EFF = { 0.806, 0.79, 0.776, 0.765, 0.755, 0.746, 0.742, 0.739, 0.736, 0.732, 0.729, 0.726 }
        }
        SPED = 50.0 {
          PR = { 2.0, 2.5, 3.0, 3.5, 4.0, 4.5, 4.75, 4.96, 5.25, 5.5, 5.75, 6.0 }
          EFF = { 0.847, 0.843, 0.837, 0.83, 0.822, 0.816, 0.813, 0.81, 0.807, 0.804, 0.802, 0.799 }
        }
        SPED = 60.0 {
          PR = { 2.0, 2.5, 3.0, 3.5, 4.0, 4.5, 4.75, 4.96, 5.25, 5.5, 5.75, 6.0 }
          EFF = { 0.865, 0.873, 0.874, 0.871, 0.867, 0.862, 0.86, 0.858, 0.856, 0.854, 0.851, 0.849 }
        }
        SPED = 70.0 {
          PR = { 2.0, 2.5, 3.0, 3.5, 4.0, 4.5, 4.75, 4.96, 5.25, 5.5, 5.75, 6.0 }
          EFF = { 0.868, 0.887, 0.895, 0.895, 0.894, 0.892, 0.891, 0.89, 0.888, 0.886, 0.885, 0.883 }
        }
        SPED = 80.0 {
          PR = { 2.0, 2.5, 3.0, 3.5, 4.0, 4.5, 4.75, 4.96, 5.25, 5.5, 5.75, 6.0 }
          EFF = { 0.86, 0.889, 0.903, 0.908, 0.91, 0.91, 0.909, 0.909, 0.908, 0.907, 0.906, 0.905 }
        }
        SPED = 90.0 {
          PR = { 2.0, 2.5, 3.0, 3.5, 4.0, 4.5, 4.75, 4.96, 5.25, 5.5, 5.75, 6.0 }
          EFF = { 0.843, 0.883, 0.903, 0.912, 0.916, 0.919, 0.919, 0.919, 0.918, 0.918, 0.918, 0.918 }
        }
        SPED = 100.0 {
          PR = { 2.0, 2.5, 3.0, 3.5, 4.0, 4.5, 4.75, 4.96, 5.25, 5.5, 5.75, 6.0 }
          EFF = { 0.82, 0.869, 0.896, 0.908, 0.916, 0.92, 0.921, 0.922, 0.922, 0.923, 0.923, 0.924 }
        }
        SPED = 110.0 {
          PR = { 2.0, 2.5, 3.0, 3.5, 4.0, 4.5, 4.75, 4.96, 5.25, 5.5, 5.75, 6.0 }
          EFF = { 0.791, 0.85, 0.883, 0.899, 0.91, 0.916, 0.918, 0.919, 0.921, 0.922, 0.923, 0.924 }
        }
        SPED = 120.0 {
          PR = { 2.0, 2.5, 3.0, 3.5, 4.0, 4.5, 4.75, 4.96, 5.25, 5.5, 5.75, 6.0 }
          EFF = { 0.757, 0.826, 0.864, 0.886, 0.899, 0.908, 0.91, 0.912, 0.914, 0.916, 0.918, 0.919 }
        }
		
		SPED.interp = "lagrange2" ;
		SPED.extrap = "none" ;

		PR.interp = "lagrange3" ;
		PR.extrap = "none" ;

		extrapIsError = 0;
		printExtrap = 0;
    } // end TB_eff 
	
}  // end S_map (TurbinePRmap subelement)
